// Jest Snapshot v1, https://goo.gl/fbAQLP

exports[`PlayersSelector component renders without crashing 1`] = `
<div
  class="sc-bdVaJa iOktxA"
/>
`;
